2026-08-26 23:16:12 V1 p=11 k=7
VERDICT: SAT {0,1,2,3,4,7,8} COUNT: 66 NODES: 229 TIME: 0.000040 s  rc=0
2026-08-26 23:16:13 V1 p=13 k=7
VERDICT: SAT {0,1,2,3,6,8,10} COUNT: 4 NODES: 344 TIME: 0.000067 s  rc=0
2026-08-26 23:16:13 V1 p=17 k=8
VERDICT: SAT {0,1,2,4,10,12,13,14} COUNT: 4 NODES: 1913 TIME: 0.000400 s  rc=0
2026-08-26 23:16:13 V1 p=19 k=9
VERDICT: SAT {0,1,2,3,4,5,9,12,15} COUNT: 236 NODES: 11307 TIME: 0.002408 s  rc=0
2026-08-26 23:16:13 V1 p=23 k=10
VERDICT: SAT {0,1,2,3,4,5,6,9,18,19} COUNT: 1495 NODES: 80505 TIME: 0.018828 s  rc=0
2026-08-26 23:16:13 V1 p=29 k=11
VERDICT: SAT {0,1,2,3,4,5,6,12,13,17,20} COUNT: 1600 NODES: 689764 TIME: 0.210283 s  rc=0
2026-08-26 23:16:13 V1 p=31 k=11
VERDICT: SAT {0,1,2,3,4,6,8,11,13,21,23} COUNT: 275 NODES: 928518 TIME: 0.303733 s  rc=0
2026-08-26 23:16:13 V1 p=37 k=12
VERDICT: SAT {0,1,2,3,4,5,6,10,20,21,30,32} COUNT: 858 NODES: 11846875 TIME: 4.175916 s  rc=0
2026-08-26 23:16:17 V1 p=41 k=13
VERDICT: SAT {0,1,2,3,4,5,7,9,21,23,31,32,36} COUNT: 5274 NODES: 103018960 TIME: 38.908471 s  rc=0
2026-08-26 23:16:56 V1 p=43 k=13
VERDICT: SAT {0,1,2,3,4,5,6,9,14,28,29,30,33} COUNT: 1794 NODES: 161316824 TIME: 58.210408 s  rc=0
2026-08-26 23:17:55 V1 p=47 k=13
VERDICT: SAT {0,1,2,3,4,6,7,12,14,17,23,24,34} COUNT: 156 NODES: 371061746 TIME: 124.398799 s  rc=0
2026-08-26 23:19:59 KONIEC
