2026-08-26 22:42:53 START
2026-08-26 22:42:53 B p=3 k=3
VERDICT: SAT {0,1,2} COUNT: 1 NODES: 2 TIME: 0.000002 s  rc=0
2026-08-26 22:42:53 BF p=3 k=3
p=3 k=3 normalized_witnesses=1 orbits=1 reps=[[0, 1, 2]]
p=3 sizes 3:SAT
2026-08-26 22:42:53 B p=5 k=4
VERDICT: SAT {0,1,2,3} COUNT: 1 NODES: 5 TIME: 0.000002 s  rc=0
2026-08-26 22:42:53 BF p=5 k=4
p=5 k=4 normalized_witnesses=3 orbits=1 reps=[[0, 1, 2, 3]]
p=5 sizes 4:SAT 5:SAT
2026-08-26 22:42:53 B p=7 k=5
VERDICT: SAT {0,1,2,3,4} COUNT: 1 NODES: 14 TIME: 0.000004 s  rc=0
2026-08-26 22:42:53 BF p=7 k=5
p=7 k=5 normalized_witnesses=10 orbits=1 reps=[[0, 1, 2, 3, 4]]
p=7 sizes 5:SAT 6:SAT 7:SAT
2026-08-26 22:42:53 B p=11 k=7
VERDICT: SAT {0,1,2,3,4,5,6} COUNT: 4 NODES: 71 TIME: 0.000019 s  rc=0
2026-08-26 22:42:53 BF p=11 k=7
p=11 k=7 normalized_witnesses=126 orbits=4 reps=[[0, 1, 2, 3, 4, 5, 6], [0, 1, 2, 3, 4, 5, 7], [0, 1, 2, 3, 4, 5, 8], [0, 1, 2, 3, 4, 6, 7]]
p=11 sizes 7:SAT 8:SAT 9:SAT 10:SAT 11:SAT
2026-08-26 22:42:53 B p=13 k=7
VERDICT: SAT {0,1,2,3,6,8,10} COUNT: 1 NODES: 115 TIME: 0.000026 s  rc=0
2026-08-26 22:42:53 BF p=13 k=7
p=13 k=7 normalized_witnesses=7 orbits=1 reps=[[0, 1, 2, 3, 6, 8, 10]]
p=13 sizes 7:SAT 8:SAT 9:SAT 10:SAT 11:SAT 12:SAT 13:SAT
2026-08-26 22:42:53 B p=17 k=8
VERDICT: SAT {0,1,2,4,10,12,13,14} COUNT: 1 NODES: 423 TIME: 0.000110 s  rc=0
2026-08-26 22:42:53 BF p=17 k=8
p=17 k=8 normalized_witnesses=7 orbits=1 reps=[[0, 1, 2, 4, 10, 12, 13, 14]]
p=17 sizes 8:SAT 9:SAT 10:SAT 11:SAT 12:SAT 13:SAT 14:SAT 15:SAT 16:SAT 17:SAT
2026-08-26 22:42:53 B p=19 k=9
VERDICT: SAT {0,1,2,3,4,5,9,12,15} COUNT: 9 NODES: 1475 TIME: 0.000416 s  rc=0
2026-08-26 22:42:53 BF p=19 k=9
p=19 k=9 normalized_witnesses=464 orbits=9 reps=[[0, 1, 2, 3, 4, 5, 9, 12, 15], [0, 1, 2, 3, 4, 6, 7, 11, 17], [0, 1, 2, 3, 4, 6, 8, 14, 15], [0, 1, 2, 3, 4, 6, 9, 10, 12], [0, 1, 2, 3, 4, 9, 10, 13, 14], [0, 1, 2, 3, 5, 6, 7, 10, 14], [0, 1, 2, 3, 5, 6, 8, 10, 13], [0, 1, 2, 3, 5, 7, 12, 13, 16], [0, 1, 2, 3, 5, 12, 14, 15, 16]]
p=19 sizes 9:SAT 10:SAT 11:SAT 12:SAT 13:SAT 14:SAT 15:SAT 16:SAT 17:SAT 18:SAT 19:SAT
2026-08-26 22:42:55 B p=23 k=10
VERDICT: SAT {0,1,2,3,4,5,6,9,18,19} COUNT: 35 NODES: 7174 TIME: 0.003012 s  rc=0
2026-08-26 22:42:55 BF p=23 k=10
p=23 k=10 normalized_witnesses=2970 orbits=35 reps=[[0, 1, 2, 3, 4, 5, 6, 9, 18, 19], [0, 1, 2, 3, 4, 5, 6, 10, 13, 14], [0, 1, 2, 3, 4, 5, 7, 9, 12, 14], [0, 1, 2, 3, 4, 5, 7, 14, 15, 20], [0, 1, 2, 3, 4, 5, 8, 9, 10, 15], [0, 1, 2, 3, 4, 5, 8, 16, 17, 18], [0, 1, 2, 3, 4, 5, 9, 10, 14, 15], [0, 1, 2, 3, 4, 5, 9, 10, 18, 19], [0, 1, 2, 3, 4, 5, 10, 12, 16, 18], [0, 1, 2, 3, 4, 5, 11, 12, 16, 17], [0, 1, 2, 3, 4, 6, 7, 11, 13, 16], [0, 1, 2, 3, 4, 6, 7, 11, 17, 19], [0, 1, 2, 3, 4, 6, 7, 12, 14, 17], [0, 1, 2, 3, 4, 6, 8, 11, 12, 16], [0, 1, 2, 3, 4, 6, 9, 10, 12, 19], [0, 1, 2, 3, 4, 6, 10, 11, 13, 19], [0, 1, 2, 3, 4, 6, 10, 16, 17, 20], [0, 1, 2, 3, 4, 7, 8, 10, 12, 15], [0, 1, 2, 3, 4, 7, 8, 14, 16, 19], [0, 1, 2, 3, 4, 7, 8, 15, 17, 20], [0, 1, 2, 3, 4, 7, 9, 10, 13, 15], [0, 1, 2, 3, 4, 7, 9, 11, 14, 20], [0, 1, 2, 3, 4, 7, 9, 12, 18, 19], [0, 1, 2, 3, 4, 7, 10, 12, 15, 16], [0, 1, 2, 3, 5, 6, 8, 12, 14, 17], [0, 1, 2, 3, 5, 6, 10, 16, 18, 20], [0, 1, 2, 3, 5, 6, 14, 16, 17, 21], [0, 1, 2, 3, 5, 6, 15, 17, 18, 21], [0, 1, 2, 3, 5, 7, 8, 11, 12, 15], [0, 1, 2, 3, 5, 7, 8, 11, 18, 19], [0, 1, 2, 3, 5, 7, 8, 12, 16, 18], [0, 1, 2, 3, 5, 7, 8, 14, 17, 18], [0, 1, 2, 3, 5, 7, 10, 11, 16, 19], [0, 1, 2, 3, 5, 7, 11, 16, 17, 18], [0, 1, 2, 3, 5, 10, 11, 15, 16, 21]]
p=23 sizes 10:SAT 11:SAT 12:SAT 13:SAT 14:SAT 15:SAT 16:SAT 17:SAT 18:SAT 19:SAT 20:SAT 21:SAT 22:SAT 23:SAT
2026-08-26 22:42:57 B p=29 k=11
VERDICT: SAT {0,1,2,3,4,5,6,12,13,17,20} COUNT: 30 NODES: 47516 TIME: 0.024661 s  rc=0
2026-08-26 22:42:57 BF p=29 k=11
p=29 k=11 normalized_witnesses=3190 orbits=30 reps=[[0, 1, 2, 3, 4, 5, 6, 12, 13, 17, 20], [0, 1, 2, 3, 4, 5, 8, 9, 14, 22, 24], [0, 1, 2, 3, 4, 5, 9, 10, 19, 22, 25], [0, 1, 2, 3, 4, 6, 7, 10, 14, 15, 18], [0, 1, 2, 3, 4, 6, 7, 10, 20, 21, 25], [0, 1, 2, 3, 4, 6, 7, 11, 17, 19, 22], [0, 1, 2, 3, 4, 6, 8, 14, 15, 18, 20], [0, 1, 2, 3, 4, 6, 8, 19, 20, 24, 25], [0, 1, 2, 3, 4, 6, 9, 10, 14, 23, 24], [0, 1, 2, 3, 4, 6, 10, 11, 22, 23, 27], [0, 1, 2, 3, 4, 6, 10, 13, 15, 17, 25], [0, 1, 2, 3, 4, 7, 8, 11, 13, 16, 19], [0, 1, 2, 3, 4, 7, 8, 11, 21, 24, 26], [0, 1, 2, 3, 4, 7, 8, 13, 20, 21, 23], [0, 1, 2, 3, 4, 7, 9, 12, 14, 23, 25], [0, 1, 2, 3, 4, 7, 10, 12, 14, 16, 19], [0, 1, 2, 3, 4, 7, 10, 18, 19, 23, 24], [0, 1, 2, 3, 4, 7, 15, 20, 23, 24, 25], [0, 1, 2, 3, 4, 8, 9, 11, 12, 15, 18], [0, 1, 2, 3, 4, 8, 15, 18, 19, 21, 23], [0, 1, 2, 3, 5, 6, 7, 10, 14, 24, 25], [0, 1, 2, 3, 5, 6, 8, 12, 15, 17, 19], [0, 1, 2, 3, 5, 6, 9, 13, 14, 15, 21], [0, 1, 2, 3, 5, 6, 10, 13, 14, 23, 24], [0, 1, 2, 3, 5, 6, 10, 16, 18, 22, 24], [0, 1, 2, 3, 5, 6, 10, 18, 20, 24, 27], [0, 1, 2, 3, 5, 7, 10, 19, 21, 22, 27], [0, 1, 2, 3, 5, 8, 10, 19, 22, 25, 26], [0, 1, 2, 3, 5, 8, 14, 18, 22, 24, 25], [0, 1, 2, 3, 6, 7, 8, 9, 17, 19, 21]]
p=29 sizes 11:SAT 12:SAT 13:SAT 14:SAT 15:SAT 16:SAT 17:SAT 18:SAT 19:SAT 20:SAT 21:SAT 22:SAT 23:SAT 24:SAT 25:SAT 26:SAT 27:SAT 28:SAT 29:SAT
2026-08-26 22:43:11 B p=31 k=11
VERDICT: SAT {0,1,2,3,4,6,8,11,13,21,23} COUNT: 5 NODES: 64717 TIME: 0.029763 s  rc=0
2026-08-26 22:43:11 BF p=31 k=11
p=31 k=11 normalized_witnesses=550 orbits=5 reps=[[0, 1, 2, 3, 4, 6, 8, 11, 13, 21, 23], [0, 1, 2, 3, 4, 6, 9, 10, 14, 23, 25], [0, 1, 2, 3, 4, 7, 8, 12, 19, 21, 25], [0, 1, 2, 3, 4, 7, 9, 11, 15, 16, 23], [0, 1, 2, 3, 5, 8, 11, 12, 20, 24, 26]]
p=31 sizes 11:SAT 12:SAT 13:SAT 14:SAT 15:SAT 16:SAT 17:SAT 18:SAT 19:SAT 20:SAT 21:SAT 22:SAT 23:SAT 24:SAT 25:SAT 26:SAT 27:SAT 28:SAT 29:SAT 30:SAT 31:SAT
2026-08-26 22:43:38 B p=37 k=12
VERDICT: SAT {0,1,2,3,4,5,6,10,20,21,30,32} COUNT: 13 NODES: 578492 TIME: 0.303048 s  rc=0
2026-08-26 22:43:39 B p=41 k=13
VERDICT: SAT {0,1,2,3,4,5,7,9,21,23,31,32,36} COUNT: 69 NODES: 3880965 TIME: 2.442923 s  rc=0
2026-08-26 22:43:43 B p=43 k=13
VERDICT: SAT {0,1,2,3,4,5,6,9,14,28,29,30,33} COUNT: 23 NODES: 5854830 TIME: 3.271200 s  rc=0
2026-08-26 22:43:47 B p=47 k=13
VERDICT: SAT {0,1,2,3,4,6,7,12,14,17,23,24,34} COUNT: 2 NODES: 12663025 TIME: 5.740442 s  rc=0
2026-08-26 22:43:53 B p=53 k=14
VERDICT: SAT {0,1,2,3,4,8,9,13,14,25,33,35,41,45} COUNT: 2 NODES: 132548251 TIME: 64.488142 s  rc=0
2026-08-26 22:44:58 B p=59 k=15
VERDICT: SAT {0,1,2,3,4,5,9,10,16,25,27,32,42,44,48} COUNT: 12 NODES: 1430127337 TIME: 753.428835 s  rc=0
2026-08-26 22:57:31 B p=61 k=15
VERDICT: SAT {0,1,2,3,4,6,15,21,22,24,42,49,55,56,58} COUNT: 3 NODES: 1900390647 TIME: 954.762891 s  rc=0
2026-08-26 23:13:27 KONIEC
